src/app/achats/avoirs/split-return-editor.tsx(308,34): error TS2304: Cannot find name 'Badge'.
src/app/achats/avoirs/split-return-editor.tsx(308,190): error TS2304: Cannot find name 'Badge'.
src/app/actions/echanges.actions.ts(96,13): error TS2322: Type '{ productId: string; batchId: string; warehouseId: string; quantity: number; }' is not assignable to type '(Without<InventoryCreateInput, InventoryUncheckedCreateInput> & InventoryUncheckedCreateInput) | (Without<...> & InventoryCreateInput)'.
  Type '{ productId: string; batchId: string; warehouseId: string; quantity: number; }' is not assignable to type 'Without<InventoryCreateInput, InventoryUncheckedCreateInput> & InventoryUncheckedCreateInput'.
    Property 'reservedQuantity' is missing in type '{ productId: string; batchId: string; warehouseId: string; quantity: number; }' but required in type 'InventoryUncheckedCreateInput'.
src/app/actions/echanges.actions.ts(167,40): error TS2353: Object literal may only specify known properties, and 'stockMovements' does not exist in type 'DocumentLineInclude<DefaultArgs>'.
src/app/ventes/bl/page.tsx(65,15): error TS2345: Argument of type '({ customer: { name: string; id: string; address: string | null; contactPerson: string | null; phone: string | null; legalStatus: string | null; rc: string | null; mf: string | null; nis: string | null; ai: string | null; paymentTerms: string | null; creditLimit: number | null; } | null; lines: ({ ...; } & { ...; })...' is not assignable to parameter of type 'SetStateAction<any[]>'.
  Type 'undefined' is not assignable to type 'SetStateAction<any[]>'.
src/app/ventes/bv/page.tsx(63,15): error TS2345: Argument of type '({ customer: { name: string; id: string; address: string | null; contactPerson: string | null; phone: string | null; legalStatus: string | null; rc: string | null; mf: string | null; nis: string | null; ai: string | null; paymentTerms: string | null; creditLimit: number | null; } | null; lines: ({ ...; } & { ...; })...' is not assignable to parameter of type 'SetStateAction<any[]>'.
  Type 'undefined' is not assignable to type 'SetStateAction<any[]>'.
src/app/ventes/commandes/create/document-editor.tsx(135,42): error TS2345: Argument of type '{ type: "PROFORMA" | "BL" | "BV" | "INVOICE"; customerId: string; grossTotal: number; discountTotal: number; taxTotal: number; netTotal: number; lines: { productId: string; quantity: number; unitPrice: number; discount: number; taxRate: number; }[]; }' is not assignable to parameter of type 'CreateDocumentInput'.
  Type '{ type: "PROFORMA" | "BL" | "BV" | "INVOICE"; customerId: string; grossTotal: number; discountTotal: number; taxTotal: number; netTotal: number; lines: { productId: string; quantity: number; unitPrice: number; discount: number; taxRate: number; }[]; }' is missing the following properties from type 'CreateDocumentInput': date, stampTax
src/app/ventes/commandes/create/page.tsx(13,9): error TS2322: Type '{ name: string; id: string; address: string | null; contactPerson: string | null; phone: string | null; legalStatus: string | null; rc: string | null; mf: string | null; nis: string | null; ai: string | null; paymentTerms: string | null; creditLimit: number | null; }[]' is not assignable to type 'Customer[]'.
  Type '{ name: string; id: string; address: string | null; contactPerson: string | null; phone: string | null; legalStatus: string | null; rc: string | null; mf: string | null; nis: string | null; ai: string | null; paymentTerms: string | null; creditLimit: number | null; }' is not assignable to type 'Customer'.
    Types of property 'rc' are incompatible.
      Type 'string | null' is not assignable to type 'string | undefined'.
        Type 'null' is not assignable to type 'string | undefined'.
src/app/ventes/enlevement/page.tsx(42,40): error TS2345: Argument of type '"DELIVERY"' is not assignable to parameter of type '"PROFORMA" | "BL" | "BV" | "INVOICE" | undefined'.
src/app/ventes/factures/create/page.tsx(9,9): error TS2322: Type '"INVOICE"' is not assignable to type '"PROFORMA" | "BL" | "BV" | "DELIVERY"'.
src/app/ventes/factures/edit/[id]/page.tsx(40,9): error TS2322: Type '"INVOICE"' is not assignable to type '"PROFORMA" | "BL" | "BV" | "DELIVERY"'.
src/app/ventes/factures/page.tsx(64,15): error TS2345: Argument of type '({ customer: { name: string; id: string; address: string | null; contactPerson: string | null; phone: string | null; legalStatus: string | null; rc: string | null; mf: string | null; nis: string | null; ai: string | null; paymentTerms: string | null; creditLimit: number | null; } | null; lines: ({ ...; } & { ...; })...' is not assignable to parameter of type 'SetStateAction<any[]>'.
  Type 'undefined' is not assignable to type 'SetStateAction<any[]>'.
src/app/ventes/split-document-editor.tsx(178,7): error TS2353: Object literal may only specify known properties, and 'warehouseId' does not exist in type '{ productId: string; designation: string; batchId?: string | undefined; colisage: number; cartons: number; quantity: number; unitPrice: number; discount: number; taxRate: number; } | { productId: string; ... 7 more ...; taxRate: number; }[]'.
src/app/ventes/split-document-editor.tsx(178,27): error TS2551: Property 'warehouseId' does not exist on type 'Inventory'. Did you mean 'warehouse'?
src/app/ventes/split-document-editor.tsx(223,24): error TS2339: Property 'warehouseId' does not exist on type '{ productId: string; designation: string; batchId?: string | undefined; colisage: number; cartons: number; quantity: number; unitPrice: number; discount: number; taxRate: number; }'.
src/app/ventes/split-document-editor.tsx(428,88): error TS2339: Property 'reference' does not exist on type '{ productId: string; designation: string; batchId?: string | undefined; colisage: number; cartons: number; quantity: number; unitPrice: number; discount: number; taxRate: number; }'.
src/app/ventes/split-document-editor.tsx(435,46): error TS2345: Argument of type '`lines.${number}.warehouseId`' is not assignable to parameter of type '"date" | "reference" | "paymentMethod" | "lines" | "customerId" | `lines.${number}` | `lines.${number}.productId` | `lines.${number}.batchId` | `lines.${number}.quantity` | `lines.${number}.taxRate` | `lines.${number}.designation` | `lines.${number}.colisage` | `lines.${number}.cartons` | "applyStampTax" | "globalDi...'.
src/app/ventes/split-document-editor.tsx(441,62): error TS2339: Property 'id' does not exist on type '{ name: string; }'.
src/app/ventes/split-document-editor.tsx(441,87): error TS2339: Property 'id' does not exist on type '{ name: string; }'.
src/app/ventes/split-document-editor.tsx(454,69): error TS2339: Property 'warehouseId' does not exist on type '{ productId: string; designation: string; batchId?: string | undefined; colisage: number; cartons: number; quantity: number; unitPrice: number; discount: number; taxRate: number; }'.
src/app/ventes/split-document-editor.tsx(454,88): error TS2551: Property 'warehouseId' does not exist on type 'Inventory'. Did you mean 'warehouse'?
src/app/ventes/split-document-editor.tsx(454,122): error TS2339: Property 'warehouseId' does not exist on type '{ productId: string; designation: string; batchId?: string | undefined; colisage: number; cartons: number; quantity: number; unitPrice: number; discount: number; taxRate: number; }'.
src/app/ventes/split-document-editor.tsx(456,60): error TS2339: Property 'id' does not exist on type '{ batchNumber: string; expirationDate: Date | null; }'.
src/app/ventes/split-document-editor.tsx(456,81): error TS2339: Property 'id' does not exist on type '{ batchNumber: string; expirationDate: Date | null; }'.
